// Jest Snapshot v1, https://goo.gl/fbAQLP

exports[`Renders a button and badge with like count 1`] = `
<div>
  <button
    aria-label={null}
    className="btn btn-secondary"
    onClick={[Function]}
    type="button"
  >
    Like
    <span
      className="badge badge-secondary"
    >
      0
    </span>
  </button>
</div>
`;
